sections
0a00 - 2eb4 : DATA, code
2eb4 - 2ed5 : DATA, data
2ed5 - 2fd7 : BSS, bss
2fd7 - 9000 : HEAP, heap
9000 - 9fb6 : STACK, stack
10000 - 10000 : ZEROPAGE, zeropage
0801 - 087d : DATA, startup
0900 - 0900 : DATA, bytecode
a000 - a000 : SSTACK, puts@stack
9ff0 - a000 : SSTACK, nformi@stack
9ff0 - a000 : SSTACK, nforml@stack
9ffc - a000 : SSTACK, isinf@stack
9ffc - 9ffc : SSTACK, nformf@stack
9fe8 - 9ff0 : SSTACK, sformat@stack
9fb6 - 9fe8 : SSTACK, printf@stack
a000 - a000 : SSTACK, next_char@stack
a000 - a000 : SSTACK, init_scanner@stack
a000 - a000 : SSTACK, is_space@stack
a000 - a000 : SSTACK, isdigit@stack
a000 - a000 : SSTACK, malloc@stack
a000 - a000 : SSTACK, string_to_number@stack
a000 - a000 : SSTACK, make_token@stack
9fb6 - 9fb6 : SSTACK, next_token@stack
a000 - a000 : SSTACK, exit@stack
a000 - a000 : SSTACK, NewTree@stack
a000 - a000 : SSTACK, putchar@stack
9fb6 - 9fb6 : SSTACK, print_token@stack
a000 - a000 : SSTACK, NewLeaf@stack
9fb6 - 9fb6 : SSTACK, parse_leaf@stack
a000 - a000 : SSTACK, arsum@stack
a000 - a000 : SSTACK, artimes@stack
a000 - a000 : SSTACK, ardivide@stack

regions
0080 - 00ff : 0000, 0000, zeropage
0801 - 0900 : 087d, 007c, startup
0900 - 0a00 : 0900, 0000, bytecode
0a00 - 9000 : 2ed5, 25d7, main

objects
0801 - 087d : startup, NATIVE_CODE:startup
2eb4 - 2eb5 : spentry, DATA:data
2ed5 - 2ed5 : BSSStart, START:bss
2fd7 - 2fd7 : BSSEnd, END:bss
9fb6 - 9fb6 : StackEnd, END:stack
0a00 - 0c10 : main, BYTE_CODE:code
2ed5 - 2fcf : inputstring, DATA:bss
0c10 - 0c4a : *, DATA:code
0c4a - 0c75 : printf, BYTE_CODE:code
0c75 - 1029 : sformat, BYTE_CODE:code
1029 - 1034 : puts, BYTE_CODE:code
1034 - 1046 : *, NATIVE_CODE:code
1046 - 1089 : putpch, NATIVE_CODE:code
2eb5 - 2eb6 : giocharmap, DATA:data
1089 - 11f8 : nformi, BYTE_CODE:code
9ff0 - a000 : buffer, BSS:nformi@stack
11f8 - 13a0 : nforml, BYTE_CODE:code
9ff0 - a000 : buffer, BSS:nforml@stack
13a0 - 171b : nformf, BYTE_CODE:code
171b - 1739 : isinf, BYTE_CODE:code
9ffc - a000 : x, BSS:isinf@stack
2eb6 - 2ed2 : fround5, DATA:data
9fe8 - 9ff0 : si, BSS:sformat@stack
9fb6 - 9fe8 : buff, BSS:printf@stack
1739 - 173e : *, DATA:code
173e - 1781 : parse_expr, BYTE_CODE:code
1781 - 1799 : init_scanner, BYTE_CODE:code
2ed2 - 2ed4 : position, DATA:data
1799 - 17b8 : next_char, BYTE_CODE:code
2fcf - 2fd0 : current_char, DATA:bss
17b8 - 1852 : next_token, BYTE_CODE:code
1852 - 1880 : is_space, BYTE_CODE:code
1880 - 18a0 : isdigit, BYTE_CODE:code
18a0 - 192a : string_to_number, BYTE_CODE:code
2fd0 - 2fd1 : token, DATA:bss
192a - 19fd : malloc, BYTE_CODE:code
2ed4 - 2ed5 : freeHeapInit, DATA:data
2fd7 - 2fd7 : HeapStart, START:heap
2fd1 - 2fd3 : freeHeap, DATA:bss
9000 - 9000 : HeapEnd, END:heap
2fd3 - 2fd5 : array, DATA:bss
2fd5 - 2fd7 : number, DATA:bss
19fd - 1a12 : make_token, BYTE_CODE:code
1a12 - 1a2c : *, DATA:code
1a2c - 1a50 : parse_arith_expr, BYTE_CODE:code
1a50 - 1ab2 : parse_expressions, BYTE_CODE:code
1ab2 - 1aeb : NewTree, BYTE_CODE:code
1aeb - 1af6 : exit, BYTE_CODE:code
1af6 - 1b0b : *, NATIVE_CODE:code
1b0b - 1b2f : parse_term, BYTE_CODE:code
1b2f - 1ba5 : parse_factor, BYTE_CODE:code
1ba5 - 1bc8 : *, DATA:code
1bc8 - 1c9e : print_token, BYTE_CODE:code
1c9e - 1ca2 : *, DATA:code
1ca2 - 1cad : *, DATA:code
1cad - 1cb8 : putchar, BYTE_CODE:code
1cb8 - 1cbd : *, NATIVE_CODE:code
1cbd - 1ccf : *, DATA:code
1ccf - 1cd1 : *, DATA:code
1cd1 - 1cf1 : parse_leaf, BYTE_CODE:code
1cf1 - 1d30 : NewLeaf, BYTE_CODE:code
1d30 - 1d41 : *, DATA:code
1d41 - 1d43 : *, DATA:code
1d43 - 1d66 : *, DATA:code
1d66 - 1d6e : *, DATA:code
1d6e - 1e23 : eval2, BYTE_CODE:code
1e23 - 1e6f : arsum, BYTE_CODE:code
1e6f - 1ebb : artimes, BYTE_CODE:code
1ebb - 1f07 : ardivide, BYTE_CODE:code
1f07 - 1f2a : print_tree, BYTE_CODE:code
1f2a - 1fe1 : print_subtree, BYTE_CODE:code
1fe1 - 1fed : *, DATA:code
1fed - 1ff1 : *, DATA:code
1ff1 - 1ffe : *, DATA:code
1ffe - 2013 : *, DATA:code
2013 - 2018 : *, DATA:code
2018 - 2025 : *, DATA:code
2025 - 203e : *, DATA:code
203e - 2043 : *, DATA:code
2043 - 2051 : *, DATA:code
2051 - 206a : *, DATA:code
206a - 206e : *, DATA:code
206e - 207c : *, DATA:code
207c - 2095 : *, DATA:code
2095 - 2099 : *, DATA:code
2099 - 20a7 : *, DATA:code
20a7 - 20be : *, DATA:code
20be - 20c2 : *, DATA:code
20c2 - 20d0 : *, DATA:code
20d0 - 20f7 : *, DATA:code
20f7 - 20fb : *, DATA:code
20fb - 2109 : *, DATA:code
2109 - 2130 : *, DATA:code
2130 - 2134 : *, DATA:code
2134 - 2142 : *, DATA:code
2142 - 214c : *, DATA:code
214c - 2191 : freg, NATIVE_CODE:code
2191 - 2278 : faddsub, NATIVE_CODE:code
2278 - 2319 : fmul, NATIVE_CODE:code
2319 - 2347 : fmul8, NATIVE_CODE:code
2347 - 23f5 : fdiv, NATIVE_CODE:code
23f5 - 2403 : negaccu, NATIVE_CODE:code
2403 - 2411 : negtmp, NATIVE_CODE:code
2411 - 2496 : divmod, NATIVE_CODE:code
2496 - 24d8 : f32_to_i16, NATIVE_CODE:code
24d8 - 24f6 : sint16_to_float, NATIVE_CODE:code
24f6 - 2523 : uint16_to_float, NATIVE_CODE:code
2523 - 253d : negaccu32, NATIVE_CODE:code
253d - 25d3 : divmod32, NATIVE_CODE:code
25d3 - 25da : inp_op_ext_u16, NATIVE_CODE:code
25da - 25ee : inp_binop_div_u32, NATIVE_CODE:code
25ee - 2612 : inp_binop_mod_u32, NATIVE_CODE:code
2612 - 2643 : inp_op_cmp_u32, NATIVE_CODE:code
2643 - 267c : inp_op_cmp_s32, NATIVE_CODE:code
0900 - 0900 : bytecode, RUNTIME:bytecode
267c - 267f : inp_nop, NATIVE_CODE:code
267f - 268a : inp_const_8, NATIVE_CODE:code
268a - 2699 : inp_const_p8, NATIVE_CODE:code
2699 - 26a9 : inp_const_16, NATIVE_CODE:code
26a9 - 26c3 : inp_const_32, NATIVE_CODE:code
26c3 - 26d1 : inp_load_reg_8, NATIVE_CODE:code
26d1 - 26db : inp_store_reg_8, NATIVE_CODE:code
26db - 26e9 : inp_load_reg_16, NATIVE_CODE:code
26e9 - 26f7 : inp_store_reg_16, NATIVE_CODE:code
26f7 - 2705 : inp_addr_reg, NATIVE_CODE:code
2705 - 271b : inp_load_reg_32, NATIVE_CODE:code
271b - 2731 : inp_store_reg_32, NATIVE_CODE:code
2731 - 2755 : inp_load_abs_8, NATIVE_CODE:code
2755 - 277d : inp_load_abs_u8, NATIVE_CODE:code
277d - 27a6 : inp_load_abs_16, NATIVE_CODE:code
27a6 - 27d9 : inp_load_abs_32, NATIVE_CODE:code
27d9 - 27f3 : inp_load_abs_addr, NATIVE_CODE:code
27f3 - 2817 : inp_store_abs_8, NATIVE_CODE:code
2817 - 2840 : inp_store_abs_16, NATIVE_CODE:code
2840 - 2873 : inp_store_abs_32, NATIVE_CODE:code
2873 - 2883 : inp_lea_abs, NATIVE_CODE:code
2883 - 2898 : inp_lea_abs_index, NATIVE_CODE:code
2898 - 28ad : inp_lea_abs_index_u8, NATIVE_CODE:code
28ad - 28c0 : inp_lea_accu_index, NATIVE_CODE:code
28c0 - 28d0 : inp_load_local_8, NATIVE_CODE:code
28d0 - 28e4 : inp_load_local_u8, NATIVE_CODE:code
28e4 - 28f9 : inp_load_local_16, NATIVE_CODE:code
28f9 - 2918 : inp_load_local_32, NATIVE_CODE:code
2918 - 292d : inp_store_local_16, NATIVE_CODE:code
292d - 294c : inp_store_local_32, NATIVE_CODE:code
294c - 2961 : inp_lea_local, NATIVE_CODE:code
2961 - 2971 : inp_store_frame_8, NATIVE_CODE:code
2971 - 2986 : inp_store_frame_16, NATIVE_CODE:code
2986 - 29a5 : inp_store_frame_32, NATIVE_CODE:code
29a5 - 29b8 : inp_binop_addr_16, NATIVE_CODE:code
29b8 - 29cb : inp_binop_subr_16, NATIVE_CODE:code
29cb - 2a03 : inp_binop_mulr_16, NATIVE_CODE:code
2a03 - 2a14 : inp_binop_divr_u16, NATIVE_CODE:code
2a14 - 2a2d : inp_binop_modr_u16, NATIVE_CODE:code
2a2d - 2a5c : inp_binop_divr_s16, NATIVE_CODE:code
2a5c - 2a9b : inp_binop_modr_s16, NATIVE_CODE:code
2a9b - 2aae : inp_binop_adda_16, NATIVE_CODE:code
2aae - 2ac3 : inp_binop_addi_16, NATIVE_CODE:code
2ac3 - 2ad8 : inp_binop_subi_16, NATIVE_CODE:code
2ad8 - 2aec : inp_binop_andi_16, NATIVE_CODE:code
2aec - 2b27 : inp_binop_muli8_16, NATIVE_CODE:code
2b27 - 2b35 : inp_binop_addi_8, NATIVE_CODE:code
2b35 - 2b42 : inp_binop_andi_8, NATIVE_CODE:code
2b42 - 2b5c : inp_binop_shl_16, NATIVE_CODE:code
2b5c - 2b76 : inp_binop_shr_u16, NATIVE_CODE:code
2b76 - 2bd8 : cmp16, NATIVE_CODE:code
2bd8 - 2c24 : cmp8, NATIVE_CODE:code
2c24 - 2c34 : inp_op_negate_16, NATIVE_CODE:code
2c34 - 2c43 : inp_op_invert_16, NATIVE_CODE:code
2c43 - 2c4c : inp_binop_add_f32, NATIVE_CODE:code
2c4c - 2c5b : inp_binop_sub_f32, NATIVE_CODE:code
2c5b - 2c68 : inp_binop_mul_f32, NATIVE_CODE:code
2c68 - 2c71 : inp_binop_div_f32, NATIVE_CODE:code
2c71 - 2cd8 : inp_binop_cmp_f32, NATIVE_CODE:code
2cd8 - 2ce1 : inp_op_negate_f32, NATIVE_CODE:code
2ce1 - 2ce7 : inp_conv_i16_f32, NATIVE_CODE:code
2ce7 - 2ced : inp_conv_f32_i16, NATIVE_CODE:code
2ced - 2d3f : bra, NATIVE_CODE:code
2d3f - 2d8d : braf, NATIVE_CODE:code
2d8d - 2d9a : loopu8, NATIVE_CODE:code
2d9a - 2db5 : inp_jsr, NATIVE_CODE:code
2db5 - 2dd5 : inp_native, NATIVE_CODE:code
2dd5 - 2e0e : inp_enter, NATIVE_CODE:code
2e0e - 2e48 : inp_return, NATIVE_CODE:code
2e48 - 2e6c : inp_call, NATIVE_CODE:code
2e6c - 2e7d : inp_push_frame, NATIVE_CODE:code
2e7d - 2e8e : inp_pop_frame, NATIVE_CODE:code
2e8e - 2e9e : inp_strcpy, NATIVE_CODE:code
2e9e - 2eb4 : inp_op_extrt, NATIVE_CODE:code
